[9440:3772:0313/105659.593:WARNING:chrome_main_delegate.cc(745)] This is Chrome version 128.0.6613.138 (not a warning)
[9440:3772:0313/105659.716:ERROR:os_crypt_win.cc(100)] Failed to decrypt: Key not valid for use in specified state. (0x8009000B)
[9440:3772:0313/105659.880:WARNING:account_consistency_mode_manager.cc(77)] Desktop Identity Consistency cannot be enabled as no OAuth client ID and client secret have been configured.
[9440:18564:0313/105709.132:WARNING:leveldb_database.cc(141)] Unable to open D:\GutHib\HamsterGame\HamsterGame\Saved\webcache_6613\Default\shared_proto_db\metadata: IO error: D:\GutHib\HamsterGame\HamsterGame\Saved\webcache_6613\Default\shared_proto_db\metadata/MANIFEST-000001: Unable to create sequential file (ChromeMethodBFE: 7::NewSequentialFile::1)
[9440:18564:0313/105709.418:WARNING:leveldb_database.cc(141)] Unable to open D:\GutHib\HamsterGame\HamsterGame\Saved\webcache_6613\Default\shared_proto_db\metadata: IO error: D:\GutHib\HamsterGame\HamsterGame\Saved\webcache_6613\Default\shared_proto_db\metadata/MANIFEST-000001: Unable to create sequential file (ChromeMethodBFE: 7::NewSequentialFile::1)
[9440:18564:0313/105709.578:WARNING:leveldb_database.cc(141)] Unable to open D:\GutHib\HamsterGame\HamsterGame\Saved\webcache_6613\Default\shared_proto_db\metadata: IO error: D:\GutHib\HamsterGame\HamsterGame\Saved\webcache_6613\Default\shared_proto_db\metadata/MANIFEST-000001: Unable to create sequential file (ChromeMethodBFE: 7::NewSequentialFile::1)
[9440:18564:0313/105709.736:WARNING:leveldb_database.cc(141)] Unable to open D:\GutHib\HamsterGame\HamsterGame\Saved\webcache_6613\Default\shared_proto_db\metadata: IO error: D:\GutHib\HamsterGame\HamsterGame\Saved\webcache_6613\Default\shared_proto_db\metadata/MANIFEST-000001: Unable to create sequential file (ChromeMethodBFE: 7::NewSequentialFile::1)
[9440:16128:0313/105717.475:WARNING:value_store_frontend.cc(47)] Reading ahfgeienlihckogmohjhadlkjgocpleb.alarms from  failed: IO error: .../MANIFEST-000001: Unable to create sequential file (ChromeMethodBFE: 7::NewSequentialFile::1)
[9440:16128:0313/105721.992:WARNING:value_store_frontend.cc(47)] Reading mhjfbmdgcfjbbpaeojofohoefgiehjai.alarms from  failed: IO error: .../MANIFEST-000001: Unable to create sequential file (ChromeMethodBFE: 7::NewSequentialFile::1)
[15828:23536:0313/105726.355:WARNING:frame_impl.cc(430)] virtual CefFrameImpl::SendProcessMessage sent to detached frame 5-DEEBB789617B240FD65C5DB8AD2EB225 will be ignored
[3268:19308:0313/105728.186:WARNING:backend_impl.cc(1764)] Destroying invalid entry.
[3268:19308:0313/105729.091:WARNING:backend_impl.cc(1764)] Destroying invalid entry.
[3268:19308:0313/105729.600:WARNING:backend_impl.cc(1764)] Destroying invalid entry.
[3268:19308:0313/105729.601:WARNING:backend_impl.cc(1764)] Destroying invalid entry.
[3268:19308:0313/105729.601:WARNING:backend_impl.cc(1764)] Destroying invalid entry.
[3268:19308:0313/105729.601:WARNING:backend_impl.cc(1764)] Destroying invalid entry.
[3268:19308:0313/105729.602:WARNING:backend_impl.cc(1764)] Destroying invalid entry.
[3268:19308:0313/105729.602:WARNING:backend_impl.cc(1764)] Destroying invalid entry.
[3268:19308:0313/105729.602:WARNING:backend_impl.cc(1764)] Destroying invalid entry.
[3268:19308:0313/105729.837:WARNING:backend_impl.cc(1764)] Destroying invalid entry.
[9440:3772:0313/105920.407:WARNING:pref_notifier_impl.cc(41)] Pref observer for media_router.cast_allow_all_ips found at shutdown.
